// Jest Snapshot v1, https://goo.gl/fbAQLP

exports[`tabs.js renders component 1`] = `
<article
  aria-label="tabs"
  className="sc-VigVT eWoHmX"
>
  <div
    className="sc-jTzLTM dujGFv"
    role="tablist"
  >
    <button
      aria-controls="c1"
      aria-selected={true}
      className="sc-fjdhpX iVWRpn"
      id="1"
      onClick={[Function]}
      onKeyDown={[Function]}
      role="tab"
      selected={true}
      tabIndex={0}
    >
      tab 1
      <span
        className="sc-jzJRlG beOPzv"
      />
    </button>
    <button
      aria-controls="c2"
      aria-selected={false}
      className="sc-fjdhpX cdsgbw"
      id="2"
      onClick={[Function]}
      onKeyDown={[Function]}
      role="tab"
      selected={false}
      tabIndex={-1}
    >
      tab 2
      <span
        className="sc-jzJRlG fvvWqu"
      />
    </button>
    <button
      aria-controls="c3"
      aria-selected={false}
      className="sc-fjdhpX cdsgbw"
      id="3"
      onClick={[Function]}
      onKeyDown={[Function]}
      role="tab"
      selected={false}
      tabIndex={-1}
    >
      tab 3
      <span
        className="sc-jzJRlG fvvWqu"
      />
    </button>
  </div>
  <div
    aria-hidden={false}
    aria-labelledby="1"
    className="sc-cSHVUG vEgiL"
    id="c1"
    role="tabpanel"
  >
    <div
      className="sc-gqjmRU jQzNBL"
    >
      <h2
        className="sc-bdVaJa kXwlKd"
        size={2}
      >
        Tab 1 content
      </h2>
    </div>
  </div>
  <div
    aria-hidden={true}
    aria-labelledby="2"
    className="sc-cSHVUG hxqyyk"
    id="c2"
    role="tabpanel"
  >
    <div
      className="sc-gqjmRU jQzNBL"
    >
      <h2
        className="sc-bdVaJa kXwlKd"
        size={2}
      >
        Tab 2 content
      </h2>
    </div>
  </div>
  <div
    aria-hidden={true}
    aria-labelledby="3"
    className="sc-cSHVUG hxqyyk"
    id="c3"
    role="tabpanel"
  >
    <div
      className="sc-gqjmRU jQzNBL"
    >
      <h2
        className="sc-bdVaJa kXwlKd"
        size={2}
      >
        Tab 3 content
      </h2>
    </div>
  </div>
</article>
`;
