// Jest Snapshot v1, https://goo.gl/fbAQLP

exports[`tabs.js renders component 1`] = `
<article
  aria-label="tabs"
  className="sc-jzJRlG eFrhWN"
>
  <div
    className="sc-cSHVUG gwqELa"
    role="tablist"
  >
    <button
      aria-controls="c1"
      aria-selected={true}
      className="sc-bwzfXH bIKAQi"
      id="1"
      onClick={[Function]}
      onKeyDown={[Function]}
      role="tab"
      selected={true}
      tabIndex={0}
    >
      tab 1
      <div
        aria-hidden="true"
        className="sc-bdVaJa JrgfE"
        color="#1976d2"
        onMouseDown={[Function]}
      />
      <span
        className="sc-htpNat iCtHmj"
      />
    </button>
    <button
      aria-controls="c2"
      aria-selected={false}
      className="sc-bwzfXH cUvomQ"
      id="2"
      onClick={[Function]}
      onKeyDown={[Function]}
      role="tab"
      selected={false}
      tabIndex={-1}
    >
      tab 2
      <div
        aria-hidden="true"
        className="sc-bdVaJa JrgfE"
        color="#1976d2"
        onMouseDown={[Function]}
      />
      <span
        className="sc-htpNat dsHXqs"
      />
    </button>
    <button
      aria-controls="c3"
      aria-selected={false}
      className="sc-bwzfXH cUvomQ"
      id="3"
      onClick={[Function]}
      onKeyDown={[Function]}
      role="tab"
      selected={false}
      tabIndex={-1}
    >
      tab 3
      <div
        aria-hidden="true"
        className="sc-bdVaJa JrgfE"
        color="#1976d2"
        onMouseDown={[Function]}
      />
      <span
        className="sc-htpNat dsHXqs"
      />
    </button>
  </div>
  <div
    aria-hidden={false}
    aria-labelledby="1"
    className="sc-fjdhpX twTGk"
    id="c1"
    role="tabpanel"
  >
    <div
      className="sc-jTzLTM cFAJuX"
    >
      <h2
        className="sc-bxivhb bdCLac"
        size={2}
      >
        Tab 1 content
      </h2>
    </div>
  </div>
</article>
`;
