// Jest Snapshot v1, https://goo.gl/fbAQLP

exports[`dataTable.js renders component 1`] = `
<div
  className="sc-bdVaJa giAdbL"
>
  <table
    aria-label="Shop table"
    className="sc-bwzfXH cXypqu"
    label="Shop table"
  >
    <thead
      className="sc-htpNat dZygAc"
    >
      <tr>
        <th
          role="columnheader"
        >
          Item
        </th>
        <th
          role="columnheader"
        >
          Description
        </th>
        <th
          role="columnheader"
        >
          Current price
        </th>
        <th
          role="columnheader"
        >
          In stock
        </th>
      </tr>
    </thead>
    <tbody
      className="sc-bxivhb gdtFab"
    >
      <tr>
        <td
          className="sc-ifAKCX cqElAx"
        >
          Coffee
        </td>
        <td
          className="sc-ifAKCX cqElAx"
        >
          A nice cup of coffee. Hot!
        </td>
        <td
          className="sc-ifAKCX gButAi"
        >
          £2.60
        </td>
        <td
          className="sc-ifAKCX cqElAx"
        >
          Yes
        </td>
      </tr>
      <tr>
        <td
          className="sc-ifAKCX cqElAx"
        >
          TV
        </td>
        <td
          className="sc-ifAKCX cqElAx"
        >
          42inch, 4k, widescreen television. Second hand.
        </td>
        <td
          className="sc-ifAKCX gButAi"
        >
          £399
        </td>
        <td
          className="sc-ifAKCX cqElAx"
        >
          No
        </td>
      </tr>
      <tr>
        <td
          className="sc-ifAKCX cqElAx"
        >
          Electric guitar
        </td>
        <td
          className="sc-ifAKCX cqElAx"
        >
          Limited edition electric guitar. Poor condition. Strings need to be changed.
        </td>
        <td
          className="sc-ifAKCX gButAi"
        >
          £260
        </td>
        <td
          className="sc-ifAKCX cqElAx"
        >
          Yes
        </td>
      </tr>
    </tbody>
  </table>
</div>
`;
